<html>
<body>
<pre>
<h1>�Vision Build Log</h1>
<h2>Tool Versions:</h2>
IDE-Version: µVision V5.38.0.0
Copyright (C) 2022 ARM Ltd and ARM Germany GmbH. All rights reserved.
License Information: 12 宇宙, 12, LIC=----
 
Tool Versions:
Toolchain:       MDK-Lite  Version: 5.38.0.0
Toolchain Path:  D:\keil_core\ARM\arm5_compiler\Bin
C Compiler:      Armcc.exe V5.06 update 7 (build 960)
Assembler:       Armasm.exe V5.06 update 7 (build 960)
Linker/Locator:  ArmLink.exe V5.06 update 7 (build 960)
Library Manager: ArmAr.exe V5.06 update 7 (build 960)
Hex Converter:   FromElf.exe V5.06 update 7 (build 960)
CPU DLL:         SARMCM3.DLL V5.38.0.0
Dialog DLL:      DCM.DLL V1.17.5.0
Target DLL:      STLink\ST-LINKIII-KEIL_SWO.dll V3.1.0.0
Dialog DLL:      TCM.DLL V1.56.4.0
 
<h2>Project:</h2>
c:\Users\Universe\Desktop\Smart Shoe Cabinet\S.uvprojx
Project File Date:  04/05/2026

<h2>Output:</h2>
*** Using Compiler 'V5.06 update 7 (build 960)', folder: 'D:\keil_core\ARM\arm5_compiler\Bin'
Build target 'Target 1'
compiling bsp_key.c...
.\SYSTEM\sys.h(41): warning:  #1-D: last line of file ends without a newline
  #endif
HANDWARE\board_config.h(33): warning:  #1-D: last line of file ends without a newline
  #endif
.\SYSTEM\delay.h(9): warning:  #1-D: last line of file ends without a newline
  #endif
HANDWARE\bsp_key.c(61): warning:  #1-D: last line of file ends without a newline
  }
HANDWARE\bsp_key.c: 4 warnings, 0 errors
compiling main.c...
.\SYSTEM\sys.h(41): warning:  #1-D: last line of file ends without a newline
  #endif
.\SYSTEM\delay.h(9): warning:  #1-D: last line of file ends without a newline
  #endif
.\HANDWARE\board_config.h(33): warning:  #1-D: last line of file ends without a newline
  #endif
.\HANDWARE\bsp_relay.h(8): warning:  #1-D: last line of file ends without a newline
  #endif
.\HANDWARE\bsp_key.h(9): warning:  #1-D: last line of file ends without a newline
  #endif
.\HANDWARE\adc.h(10): warning:  #1-D: last line of file ends without a newline
  #endif
.\HANDWARE\dht11.h(9): warning:  #1-D: last line of file ends without a newline
  #endif
.\HANDWARE\infrared.h(11): warning:  #1-D: last line of file ends without a newline
  #endif
.\HANDWARE\oled.h(19): warning:  #1-D: last line of file ends without a newline
  #endif
.\HANDWARE\rtc.h(19): warning:  #1-D: last line of file ends without a newline
  #endif
.\SYSTEM\usart.h(14): warning:  #1-D: last line of file ends without a newline
  #endif
USER\main.c(121): warning:  #167-D: argument of type "char *" is incompatible with parameter of type "u8 *"
              OLED_ShowString(16, 2+i*2, items[start_i+i], 16);
USER\main.c(145): warning:  #167-D: argument of type "char *" is incompatible with parameter of type "u8 *"
              OLED_ShowString(16, i*2, menu_strs[start_i + i], 16);
USER\main.c(355): warning:  #1-D: last line of file ends without a newline
  }
USER\main.c: 14 warnings, 0 errors
linking...
Program Size: Code=9944 RO-data=2312 RW-data=56 ZI-data=1832  
".\Objects\S.axf" - 0 Error(s), 18 Warning(s).

<h2>Software Packages used:</h2>

Package Vendor: Keil
                http://www.keil.com/pack/Keil.STM32F1xx_DFP.2.4.0.pack
                Keil.STM32F1xx_DFP.2.4.0
                STMicroelectronics STM32F1 Series Device Support, Drivers and Examples

<h2>Collection of Component include folders:</h2>
  D:/keil_pack/Keil/STM32F1xx_DFP/2.4.0/Device/Include

<h2>Collection of Component Files used:</h2>
Build Time Elapsed:  00:00:01
</pre>
</body>
</html>
